-Најпрво го променив името на гранката од main vo master.Направив приватен remote репозиториум со додавање на README фајлот и потоа ги
додадов името презимето и бројот на индексот во тој документ.

-Го клонирав на мојот компјутер:
user@DESKTOP-JHR8IJD MINGW64 ~
$ git clone https://github.com/anaaas123/SI_2022_lab1_203079.git
Cloning into 'SI_2022_lab1_203079'...
remote: Enumerating objects: 6, done.
remote: Counting objects: 100% (6/6), done.
remote: Compressing objects: 100% (2/2), done.
remote: Total 6 (delta 0), reused 0 (delta 0), pack-reused 0
Receiving objects: 100% (6/6), done.

-Влегов во истиот за да можам да ги извршувам задачите:
user@DESKTOP-JHR8IJD MINGW64 ~
$ cd SI_2022_lab1_203079

-Додадов текстуална датотека и направив commit:
user@DESKTOP-JHR8IJD MINGW64 ~/SI_2022_lab1_203079 (master)
$ echo -e "Monitor \nZvuchnici \nGluvche \nTastatura \nPrinter" >> shopping_list.txt
user@DESKTOP-JHR8IJD MINGW64 ~/SI_2022_lab1_203079 (master)
$ git add .
warning: LF will be replaced by CRLF in shopping_list.txt.
The file will have its original line endings in your working directory
user@DESKTOP-JHR8IJD MINGW64 ~/SI_2022_lab1_203079 (master)
$ git commit -m "Add 5 items to the shopping list"
[master 8cfac73] Add 5 items to the shopping list
 1 file changed, 5 insertions(+)
 create mode 100644 shopping_list.txt

-На сите им додадов количина и направив commit:
user@DESKTOP-JHR8IJD MINGW64 ~/SI_2022_lab1_203079 (master)
$ notepad shopping_list
user@DESKTOP-JHR8IJD MINGW64 ~/SI_2022_lab1_203079 (master)
$ git add .
warning: LF will be replaced by CRLF in shopping_list.txt.
The file will have its original line endings in your working directory
user@DESKTOP-JHR8IJD MINGW64 ~/SI_2022_lab1_203079 (master)
$ git commit -m "Add quantities to the items"
[master 64da77e] Add quantities to the items
 1 file changed, 5 insertions(+), 5 deletions(-)

-Направив две гранки а потоа синхронизација на сите со remote репозиториум
user@DESKTOP-JHR8IJD MINGW64 ~/SI_2022_lab1_203079 (master)
$ git branch branch1
user@DESKTOP-JHR8IJD MINGW64 ~/SI_2022_lab1_203079 (master)
$ git branch branch2
user@DESKTOP-JHR8IJD MINGW64 ~/SI_2022_lab1_203079 (master)
$ git push -u origin branch1
Enumerating objects: 7, done.
Counting objects: 100% (7/7), done.
Delta compression using up to 8 threads
Compressing objects: 100% (5/5), done.
Writing objects: 100% (6/6), 670 bytes | 670.00 KiB/s, done.
Total 6 (delta 0), reused 0 (delta 0), pack-reused 0
To https://github.com/anaaas123/SI_2022_lab1_203079.git
 * [new branch]      branch1 -> branch1
branch 'branch1' set up to track 'origin/branch1'.
user@DESKTOP-JHR8IJD MINGW64 ~/SI_2022_lab1_203079 (master)
$ git push -u origin branch2
Total 0 (delta 0), reused 0 (delta 0), pack-reused 0
To https://github.com/anaaas123/SI_2022_lab1_203079.git
 * [new branch]      branch2 -> branch2
branch 'branch2' set up to track 'origin/branch2'.
user@DESKTOP-JHR8IJD MINGW64 ~/SI_2022_lab1_203079 (master)
$ git pull
Already up to date.
user@DESKTOP-JHR8IJD MINGW64 ~/SI_2022_lab1_203079 (master)
$ git push
Total 0 (delta 0), reused 0 (delta 0), pack-reused 0
To https://github.com/anaaas123/SI_2022_lab1_203079.git
   7656827..64da77e  master -> master

-Се префрлив на гранката branch1 и направив commit:
$ git checkout branch1
Switched to branch 'branch1'
user@DESKTOP-JHR8IJD MINGW64 ~/SI_2022_lab1_203079 (branch1)
$ git add .
warning: LF will be replaced by CRLF in shopping_list.txt.
The file will have its original line endings in your working directory
user@DESKTOP-JHR8IJD MINGW64 ~/SI_2022_lab1_203079 (branch1)
$ git commit -m "Change quantity of item #5"
[branch1 2972027] Change quantity of item #5
 1 file changed, 1 insertion(+), 1 deletion(-)

-Се префрлив на гранката master и повторно направив commit:
$ git checkout master
Switched to branch 'master'
user@DESKTOP-JHR8IJD MINGW64 ~/SI_2022_lab1_203079 (branch2)
$ git add . user@DESKTOP-JHR8IJD MINGW64 ~/SI_2022_lab1_203079 (branch2)
$ git commit -m "Change quantity of item #2"
[branch2 bdd8d39] Change quantity of item #2
 1 file changed, 1 insertion(+), 1 deletion(-)

-Се префрлив на гранката branch2 и направив комит 
user@DESKTOP-JHR8IJD MINGW64 
$ git checkout branch2
user@DESKTOP-JHR8IJD MINGW64 ~/SI_2022_lab1_203079 (branch2)
$ $ git add . user@DESKTOP-JHR8IJD MINGW64 ~/SI_2022_lab1_203079 (branch2)
$ git commit -m "Modify item item #4"

-Да го променам последниот commit 
$ git commit --amend -m "Modify item #4 and add item #6"
[branch2 fa69a93] Modify item #4 and add item #6
 Date: Mon Mar 28 13:47:20 2022 +0200
 1 file changed, 2 insertions(+), 1 deletion(-)
user@DESKTOP-JHR8IJD MINGW64 ~/SI_2022_lab1_203079 (branch2)

-Промена на гранката во master и merge со branch1
$ git checkout master
Switched to branch 'master'
Your branch is up to date with 'origin/master'.
user@DESKTOP-JHR8IJD MINGW64 ~/SI_2022_lab1_203079 (master)
$ git merge branch1
Auto-merging shopping_list.txt
Merge made by the 'ort' strategy.
 shopping_list.txt | 2 +-
 1 file changed, 1 insertion(+), 1 deletion(-)
user@DESKTOP-JHR8IJD MINGW64 ~/SI_2022_lab1_203079 (master)

-Потоа merge со branch2:
$ git merge branch2
Auto-merging shopping_list.txt
CONFLICT (content): Merge conflict in shopping_list.txt
Automatic merge failed; fix conflicts and then commit the result.
Се јави конфликт,го решив така што ги сочував промените од локалниот репозиториум а ги избришав тие на remote.
Потоа направив уште еден commit.
Merge беше успешен со Resolve.




